// Jest Snapshot v1, https://goo.gl/fbAQLP

exports[`[<CardContent />] matches to snapshot 1`] = `
<StyledComponent
  forwardedClass={
    Object {
      "$$typeof": Symbol(react.forward_ref),
      "attrs": undefined,
      "componentStyle": ComponentStyle {
        "componentId": "CardContent-mia19x-0",
        "isStatic": true,
        "rules": Array [
          "width:100%;padding:20px 20px 0 20px;color:#000000;font-family:Lato,sans-serif;font-size:16px;font-weight:400;",
        ],
      },
      "displayName": "CardContent",
      "render": [Function],
      "styledComponentId": "CardContent-mia19x-0",
      "target": "section",
      "toString": [Function],
      "warnTooManyClasses": [Function],
      "withComponent": [Function],
    }
  }
  forwardedRef={null}
>
  I am a container!
</StyledComponent>
`;
