// Jest Snapshot v1, https://goo.gl/fbAQLP

exports[`[<Atom />] matches to snapshot 1`] = `
<StyledComponent
  forwardedClass={
    Object {
      "$$typeof": Symbol(react.forward_ref),
      "attrs": undefined,
      "componentStyle": ComponentStyle {
        "componentId": "Atom-sc-1ul2m9g-0",
        "isStatic": true,
        "rules": Array [
          "background-color:green;",
        ],
      },
      "displayName": "Atom",
      "render": [Function],
      "styledComponentId": "Atom-sc-1ul2m9g-0",
      "target": "div",
      "toString": [Function],
      "warnTooManyClasses": [Function],
      "withComponent": [Function],
    }
  }
  forwardedRef={null}
>
  I am a Atom
</StyledComponent>
`;
