// Jest Snapshot v1, https://goo.gl/fbAQLP

exports[`[<Apply />] matches to snapshot 1`] = `
<Grid>
  <Apply__ApplyContainer>
    <Row
      style={
        Object {
          "marginBottom": 50,
        }
      }
    >
      <Col
        xs={12}
      >
        <Typography
          variant="title2"
        >
          Apply
        </Typography>
        <Typography
          variant="subtitle2"
        >
          Thought experiments (Gedankenexperimenten) are “facts” in the sense
           
        </Typography>
      </Col>
    </Row>
    <FormApply />
  </Apply__ApplyContainer>
</Grid>
`;
