// Jest Snapshot v1, https://goo.gl/fbAQLP

exports[`[<Apply />] matches to snapshot 1`] = `
<form
  onSubmit={[Function]}
>
  <Row>
    <Col
      sm={5}
      xs={12}
    >
      <Field
        error=""
        label="First Name"
        name="firstName"
        onChange={[Function]}
        value=""
      />
    </Col>
    <Col
      sm={5}
      smOffset={2}
      xs={12}
    >
      <Field
        error=""
        label="Name"
        name="name"
        onChange={[Function]}
        value=""
      />
    </Col>
  </Row>
  <Row>
    <Col
      sm={5}
      xs={12}
    >
      <Field
        error=""
        label="Email"
        name="email"
        onChange={[Function]}
        value=""
      />
    </Col>
    <Col
      sm={5}
      smOffset={2}
      xs={12}
    >
      <Field
        error=""
        label="Telephone Number"
        name="telephone"
        onChange={[Function]}
        value=""
      />
    </Col>
  </Row>
  <Row>
    <Col
      xs={12}
    >
      <Field
        error=""
        label="Upload your CV"
        name="cv"
        onChange={[Function]}
        type="file"
        value=""
      />
    </Col>
  </Row>
  <Row>
    <Col
      xs={12}
    >
      <Field
        error=""
        label="Comments"
        name="comments"
        onChange={[Function]}
        type="textarea"
        value=""
      />
    </Col>
  </Row>
  <Row>
    <Col
      xs={12}
    >
      <Typography
        variant="legend"
      >
        Thought experiments (Gedankenexperimenten) are “facts” in the sense that they have a “real life” correlate in the form of electrochemical activity in the brain.
      </Typography>
    </Col>
  </Row>
  <Row
    end="xs"
    style={
      Object {
        "marginTop": 80,
      }
    }
  >
    <Col>
      <Button
        primary={true}
        secondary={true}
      >
        Send
      </Button>
    </Col>
  </Row>
</form>
`;
