// Jest Snapshot v1, https://goo.gl/fbAQLP

exports[`[<CardUser />] matches to snapshot 1`] = `
<StyledComponent
  forwardedClass={
    Object {
      "$$typeof": Symbol(react.forward_ref),
      "attrs": undefined,
      "componentStyle": ComponentStyle {
        "componentId": "CardUser-thd5qk-0",
        "isStatic": true,
        "rules": Array [
          "display:flex;align-items:center;",
        ],
      },
      "displayName": "CardUser",
      "render": [Function],
      "styledComponentId": "CardUser-thd5qk-0",
      "target": "div",
      "toString": [Function],
      "warnTooManyClasses": [Function],
      "withComponent": [Function],
    }
  }
  forwardedRef={null}
>
  I am a container!
</StyledComponent>
`;
