// Jest Snapshot v1, https://goo.gl/fbAQLP

exports[`[<Card />] matches to snapshot 1`] = `
<CardContainer>
  <CardImage />
  <CardContent>
    Lorem ipsum dolor
  </CardContent>
  <CardFooter>
    <CardUser>
      <CardUserImage />
      <CardUserName>
        BY JOHN SMITH
      </CardUserName>
    </CardUser>
    <CardInformation>
      <Icon
        name="clock"
      />
      <CardTimestamp>
        <p>
          25MIN
        </p>
        <p>
          AGO
        </p>
      </CardTimestamp>
    </CardInformation>
  </CardFooter>
</CardContainer>
`;
