// Jest Snapshot v1, https://goo.gl/fbAQLP

exports[`[<CardTimestamp />] matches to snapshot 1`] = `
<StyledComponent
  forwardedClass={
    Object {
      "$$typeof": Symbol(react.forward_ref),
      "attrs": undefined,
      "componentStyle": ComponentStyle {
        "componentId": "CardTimestamp-sc-14nakfg-0",
        "isStatic": true,
        "rules": Array [
          "width:100%;height:100vh;flex-direction:column;@media only screen and (min-width:0em){padding:20px 0;}@media only screen and (min-width:48em){padding:200px 0;}",
        ],
      },
      "displayName": "CardTimestamp",
      "render": [Function],
      "styledComponentId": "CardTimestamp-sc-14nakfg-0",
      "target": "section",
      "toString": [Function],
      "warnTooManyClasses": [Function],
      "withComponent": [Function],
    }
  }
  forwardedRef={null}
>
  I am a container!
</StyledComponent>
`;
