// Jest Snapshot v1, https://goo.gl/fbAQLP

exports[`[<CardTimestamp />] matches to snapshot 1`] = `
<StyledComponent
  forwardedClass={
    Object {
      "$$typeof": Symbol(react.forward_ref),
      "attrs": undefined,
      "componentStyle": ComponentStyle {
        "componentId": "CardTimestamp-feh0y9-0",
        "isStatic": true,
        "rules": Array [
          "margin-left:5px;p{color:#848484;font-family:Lato,sans-serif;font-size:14px;font-weight:400;text-transform:uppercase;line-height:normal;margin:0;}",
        ],
      },
      "displayName": "CardTimestamp",
      "render": [Function],
      "styledComponentId": "CardTimestamp-feh0y9-0",
      "target": "div",
      "toString": [Function],
      "warnTooManyClasses": [Function],
      "withComponent": [Function],
    }
  }
  forwardedRef={null}
/>
`;
