// Jest Snapshot v1, https://goo.gl/fbAQLP

exports[`[<FullContainer />] matches to snapshot 1`] = `
<StyledComponent
  forwardedClass={
    Object {
      "$$typeof": Symbol(react.forward_ref),
      "attrs": undefined,
      "componentStyle": ComponentStyle {
        "componentId": "FullContainer-sc-16e7xah-0",
        "isStatic": true,
        "rules": Array [
          "width:100%;display:flex;@media only screen and (min-width:0em){height:100vh;}@media only screen and (min-width:48em){height:100vh;}",
        ],
      },
      "displayName": "FullContainer",
      "render": [Function],
      "styledComponentId": "FullContainer-sc-16e7xah-0",
      "target": "section",
      "toString": [Function],
      "warnTooManyClasses": [Function],
      "withComponent": [Function],
    }
  }
  forwardedRef={null}
>
  I am a container!
</StyledComponent>
`;
