// Jest Snapshot v1, https://goo.gl/fbAQLP

exports[`[<Footer />] matches to snapshot 1`] = `
<Footer__FooterStyled>
  <Grid
    style={
      Object {
        "padding": "0 1rem",
      }
    }
  >
    <Row
      between="xs"
      middle="sm"
    >
      <Col
        md={2}
        sm={12}
        xs={12}
      >
        <Footer__FooterLogo>
          <Logo
            color="#fff"
            height="35px"
            width="90px"
          />
        </Footer__FooterLogo>
      </Col>
      <Col
        md={2}
        sm={4}
        xs={6}
      >
        <LinkList
          direction="column"
        >
          <Link
            color="#fff"
          >
            Team
          </Link>
          <Link
            color="#fff"
          >
            About us
          </Link>
          <Link
            color="#fff"
          >
            Process
          </Link>
        </LinkList>
      </Col>
      <Col
        md={2}
        sm={3}
        xs={6}
      >
        <LinkList
          direction="column"
        >
          <Link
            color="#fff"
          >
            Explication
          </Link>
          <Link
            color="#fff"
          >
            News
          </Link>
          <Link
            color="#fff"
          >
            Contact
          </Link>
        </LinkList>
      </Col>
      <Col
        md={4}
        sm={5}
        xs={12}
      >
        <LinkList
          direction="row"
        >
          <Link
            color="#fff"
          >
            Privacy Police
          </Link>
          <Link
            color="#fff"
          >
            Legal Notice
          </Link>
          <Link
            color="#fff"
          >
            English
          </Link>
        </LinkList>
      </Col>
      <Col
        md={2}
        sm={12}
        xs={12}
      >
        <LinkList
          direction="row"
        >
          <Link
            color="#fff"
          >
            <Icon
              name="facebook"
            />
          </Link>
          <Link
            color="#fff"
          >
            <Icon
              name="twitter"
            />
          </Link>
          <Link
            color="#fff"
          >
            <Icon
              name="instagram"
            />
          </Link>
          <Link
            color="#fff"
          >
            <Icon
              name="linkedin"
            />
          </Link>
        </LinkList>
      </Col>
    </Row>
  </Grid>
</Footer__FooterStyled>
`;
