// Jest Snapshot v1, https://goo.gl/fbAQLP

exports[`[<CardInformation />] matches to snapshot 1`] = `
<StyledComponent
  forwardedClass={
    Object {
      "$$typeof": Symbol(react.forward_ref),
      "attrs": undefined,
      "componentStyle": ComponentStyle {
        "componentId": "CardInformation-sc-1c34v2c-0",
        "isStatic": true,
        "rules": Array [
          "margin-left:15px;display:flex;align-items:flex-start;",
        ],
      },
      "displayName": "CardInformation",
      "render": [Function],
      "styledComponentId": "CardInformation-sc-1c34v2c-0",
      "target": "div",
      "toString": [Function],
      "warnTooManyClasses": [Function],
      "withComponent": [Function],
    }
  }
  forwardedRef={null}
/>
`;
