// Jest Snapshot v1, https://goo.gl/fbAQLP

exports[`[<DiscoverUs />] matches to snapshot 1`] = `
<FullContainer>
  <DiscoverUs__DiscoverUsContainer>
    <Row>
      <Col
        xs={12}
      >
        <DiscoverUs__DiscoverUsImage
          src="/assets/discover_us.png"
        />
      </Col>
    </Row>
    <Row>
      <Col
        xs={12}
      >
        <Typography
          align="center"
          variant="body"
        >
          Lorem ipsum dolor sit amet, consectetur adipiscing elit. Ut tincidunt convallis dignissim. Integer convallis diam tortor, a blandit quam dignissim sed. Maecenas semper lobortis enim quis tincidunt. Donec quis ultrices orci. Suspendisse rutrum sapien ac lobortis suscipit. Nullam pellentesque fringilla est, in efficitur nisl porta eu. Donec elementum condimentum sem non bibendum.n pellentesque dolor sit amet nisi lacinia euismod. Mauris elementum turpis sem, ut laoreet purus porta ut. Suspendisse posuere purus id nunc eleifend, id condimentum nulla tempus. Donec tortor sem, efficitur a laoreet ut, lacinia ac ante
        </Typography>
      </Col>
    </Row>
    <Row
      center="xs"
    >
      <Col>
        <Button
          primary={true}
        >
          Discover Us
        </Button>
      </Col>
    </Row>
  </DiscoverUs__DiscoverUsContainer>
</FullContainer>
`;
