// Jest Snapshot v1, https://goo.gl/fbAQLP

exports[`[<Header />] matches to snapshot 1`] = `
<Header__HeaderStyled>
  <Navbar>
    <Header__HeaderLogo
      className="logo"
    >
      <Logo
        className="logo"
        color="#eb5b49"
        height="35px"
        width="90px"
      />
    </Header__HeaderLogo>
    <NavLInk__StyledNavLink>
      Team
    </NavLInk__StyledNavLink>
    <NavLInk__StyledNavLink>
      About us
    </NavLInk__StyledNavLink>
    <NavLInk__StyledNavLink>
      Process
    </NavLInk__StyledNavLink>
    <NavLInk__StyledNavLink>
      Explication
    </NavLInk__StyledNavLink>
    <NavLInk__StyledNavLink>
      New
    </NavLInk__StyledNavLink>
    <NavLInk__StyledNavLink>
      Contact
    </NavLInk__StyledNavLink>
    <Header__ApplyButton
      secondary={true}
    >
      Apply
    </Header__ApplyButton>
  </Navbar>
</Header__HeaderStyled>
`;
