// Jest Snapshot v1, https://goo.gl/fbAQLP

exports[`[<Header />] matches to snapshot 1`] = `
<Header__HeaderStyled>
  <Grid>
    <Row>
      <Col
        style={
          Object {
            "position": "relative",
          }
        }
        xs={12}
      >
        <Header__Navbar>
          <Header__HeaderLogo>
            <Logo
              color="#eb5b49"
              height="35px"
              width="90px"
            />
          </Header__HeaderLogo>
          <Header__NavLink>
            Team
          </Header__NavLink>
          <Header__NavLink>
            About us
          </Header__NavLink>
          <Header__NavLink>
            Process
          </Header__NavLink>
          <Header__NavLink>
            Explication
          </Header__NavLink>
          <Header__NavLink>
            New
          </Header__NavLink>
          <Header__NavLink>
            Contact
          </Header__NavLink>
        </Header__Navbar>
        <Header__ApplyButton
          secondary={true}
        >
          Apply
        </Header__ApplyButton>
      </Col>
    </Row>
  </Grid>
</Header__HeaderStyled>
`;
