// Jest Snapshot v1, https://goo.gl/fbAQLP

exports[`[<DiscoverNews />] matches to snapshot 1`] = `
<DiscoverNews__DiscoverNewsContainer>
  <Row>
    <Col
      md={4}
      sm={6}
      xs={12}
    >
      <Card />
    </Col>
    <Col
      md={4}
      sm={6}
      xs={12}
    >
      <Card />
    </Col>
    <Col
      md={4}
      sm={6}
      xs={12}
    >
      <Card />
    </Col>
    <Col
      md={4}
      sm={6}
      xs={12}
    >
      <Card />
    </Col>
    <Col
      md={4}
      sm={6}
      xs={12}
    >
      <Card />
    </Col>
    <Col
      md={4}
      sm={6}
      xs={12}
    >
      <Card />
    </Col>
  </Row>
  <Row
    center="xs"
  >
    <Col>
      <Button
        primary={true}
      >
        Discover News
      </Button>
    </Col>
  </Row>
</DiscoverNews__DiscoverNewsContainer>
`;
