// Jest Snapshot v1, https://goo.gl/fbAQLP

exports[`[<Page />] matches to snapshot 1`] = `
<StyledComponent
  forwardedClass={
    Object {
      "$$typeof": Symbol(react.forward_ref),
      "attrs": undefined,
      "componentStyle": ComponentStyle {
        "componentId": "Page__Main-gkbyv0-0",
        "isStatic": true,
        "rules": Array [
          "display:block;",
        ],
      },
      "displayName": "Page__Main",
      "render": [Function],
      "styledComponentId": "Page__Main-gkbyv0-0",
      "target": "div",
      "toString": [Function],
      "warnTooManyClasses": [Function],
      "withComponent": [Function],
    }
  }
  forwardedRef={null}
>
  <Header />
  <Footer />
</StyledComponent>
`;
